I'm sorry, but errors were detected in your script. Please correct the
errors listed below, and try again.


File "game/code/day3/pool.rpy", line 7: reached end of line when expecting ':'.
    if rm>=0
            ^

Ren'Py Version: Ren'Py 7.1.3.1092
Sun Dec 23 19:44:59 2018
